Processing Event Number 1 its # 1
Event Number 34 is good 
Processing Event Number 51 its # 51
Event Number 79 is good 
Processing Event Number 100 its # 100
2 out of 100 processed events passed the cuts. Finished.
